ðŸš€  Resting post.yml ...

ðŸŽ¬  post_example started ...

âœ…  post_example PASSED (X.XXXs)

Executed 1 tests, with 0 failures
