🚀  Resting basic.yml ...

🎬  basic started ...

✅  basic PASSED (X.XXXs)

Executed 1 test, with 0 failures
