🚀  Resting multipart.yml ...

🎬  post started ...

JSON: <non-deterministic output masked>

✅  post PASSED (X.XXXs)

Executed 1 test, with 0 failures
