🚀  Resting delay.yml ...

🎬  timeout started ...

❌  Error: request timed out: timeout
