❌  Error: ⚠️  no requests defined in no-restfiles.yml!
