Running every 2 seconds ...

🚀  Resting loop-error.yml ...

❌  Restfile syntax error: key not found: url
