🚀  Resting malformed.yml ...

❌  Restfile syntax error: key not found: url
