❌  Error: The operation couldn’t be completed. (DecodingError.typeMismatch(Yams.Node.Mapping, Swift.DecodingError.Context(codingPath: [CodingKeys(stringValue: "requests", intValue: nil)], debugDescription: "Expected to decode Mapping but found Node instead.", underlyingError: nil)))
