ðŸš€  Resting basic2.yml ...

ðŸŽ¬  request 1 started ...

âœ…  request 1 PASSED (X.XXXs)

request 1
Average:   X.XXXs
Median:    X.XXXs
Min:       X.XXXs
Max:       X.XXXs
Std dev:   -
90% Pctl:  -

ðŸŽ¬  request 2 started ...

âœ…  request 2 PASSED (X.XXXs)

request 2
Average:   X.XXXs
Median:    X.XXXs
Min:       X.XXXs
Max:       X.XXXs
Std dev:   -
90% Pctl:  -

request 1
Average:   X.XXXs
Median:    X.XXXs
Min:       X.XXXs
Max:       X.XXXs
Std dev:   -
90% Pctl:  -

Executed 2 tests, with 0 failures
