Restfile path: basic.yml
Working directory: XXX

Request timeout: 7.0s

Defined variables:
  - API_URL

ðŸš€  Resting basic.yml ...

ðŸŽ¬  basic started ...

âœ…  basic PASSED (X.XXXs)

Executed 1 test, with 0 failures
