🚀  Resting skipped.yml ...

🎬  r1 started ...

↪️   r1 SKIPPED

Executed 1 test, with 0 failures, 1 skipped
